// Jest Snapshot v1, https://goo.gl/fbAQLP

exports[`Toe up toe should render correctly 1`] = `
<div>
  <h3>
    Toe
  </h3>
  <p>
    Using
     
    <a
      href="http://knitty.com/ISSUEspring06/FEATmagiccaston.html"
      rel="noopener noreferrer"
      target="_blank"
    >
      Judy's Magic Cast On
    </a>
    , cast on
     
    <span
      data-testid="toeup-startingStCount"
    >
      20
    </span>
     
    sts.
  </p>
  <p>
    Rnd 1: kfb, k to 2 sts before end of first needle, kfb, k1, kfb, k to 2 sts before end of second needle, kfb, k1
    <br />
    Rnd 2: k around
  </p>
  <p>
    Rep rnds 1 and 2 until you have
     
    <span
      data-testid="toeup-finalStCount"
    >
      60
    </span>
     sts.
     
    <em>
      For a slightly more rounded toe, try repeating the first rnd twice before starting to repeat both rnds.
    </em>
  </p>
</div>
`;
